unstable/clientWatch.go:18:23: Function Client.Watch is not supported by the MongoDB Stable API